// Vitest Snapshot v1, https://vitest.dev/guide/snapshot.html

exports[`css function > Snapshot tests > basic usage should match snapshot 1`] = `

.kuma-944610715{color:red;}

const style = "kuma-944610715";
export {};

`;

exports[`css function > Snapshot tests > using pseudo elements should match snapshot 1`] = `

.kuma-3353610691{}.kuma-3353610691:after{color:blue;}

const style = "kuma-3353610691";
export {};

`;

exports[`css function > Snapshot tests > using pseudo props should match snapshot 1`] = `

.kuma-400375226{}.kuma-400375226:hover{color:red;}

const style = "kuma-400375226";
export {};

`;

exports[`css function > Snapshot tests > using space props should match snapshot 1`] = `

.kuma-3206633536{padding:2px;}

const style = "kuma-3206633536";
export {};

`;
